// Jest Snapshot v1, https://goo.gl/fbAQLP

exports[`<Application/> should render 1`] = `"<Application intl={{...}} />"`;
