// Jest Snapshot v1, https://goo.gl/fbAQLP

exports[`<Button/> should render 1`] = `"<button type=\\"submit\\" disabled={false} className=\\"button\\" />"`;
