// Jest Snapshot v1, https://goo.gl/fbAQLP

exports[`<Container/> should render 1`] = `"<div id={[undefined]} className=\\"container\\" style={[undefined]} />"`;
