// Jest Snapshot v1, https://goo.gl/fbAQLP

exports[`<Features/> should render 1`] = `"<div className=\\"features\\" />"`;
