// Jest Snapshot v1, https://goo.gl/fbAQLP

exports[`<FeatureGroup/> should render 1`] = `"<div className=\\"feature-group\\" />"`;
