// Jest Snapshot v1, https://goo.gl/fbAQLP

exports[`<Flex/> should render 1`] = `"<div className=\\"flex\\" />"`;
