// Jest Snapshot v1, https://goo.gl/fbAQLP

exports[`<Form/> should render 1`] = `
"<div className=\\"form-wrapper\\">
  <Form className=\\"test\\" />
</div>"
`;
