// Jest Snapshot v1, https://goo.gl/fbAQLP

exports[`<InputText/> should render 1`] = `
"<div className=\\"input-text\\">
  <Field type=\\"text\\" name=\\"test\\" placeholder=\\"Test\\" />
  <FormikConnect(ErrorMessageImpl) name=\\"test\\" />
</div>"
`;
