// Jest Snapshot v1, https://goo.gl/fbAQLP

exports[`<NavigationItem/> should render 1`] = `"<Link activeClass=\\"active\\" className=\\"navigation-item\\" to=\\"test\\" spy={true} offset={0} smooth=\\"true\\" duration={500} />"`;
