// Jest Snapshot v1, https://goo.gl/fbAQLP

exports[`<Navigation/> should render 1`] = `
"<nav>
  <Hamburger open={false} onClick={[Function: onClick]} />
  <div className=\\"navigation-items\\" />
</nav>"
`;
