// Jest Snapshot v1, https://goo.gl/fbAQLP

exports[`<Screenshots/> should render 1`] = `
"<div className=\\"screenshots\\">
  <div className=\\"mobile\\">
    <l items={{...}} onErrorImageURL=\\"\\" additionalClass=\\"\\" showNav={true} autoPlay={false} lazyLoad={false} infinite={true} showIndex={false} showBullets={false} showThumbnails={true} showPlayButton={true} showFullscreenButton={true} disableThumbnailScroll={false} disableKeyDown={false} disableSwipe={false} disableThumbnailSwipe={false} useTranslate3D={true} isRTL={false} useBrowserFullscreen={true} flickThreshold={0.4} stopPropagation={false} indexSeparator=\\" / \\" thumbnailPosition=\\"bottom\\" startIndex={0} slideDuration={450} swipingTransitionDuration={0} swipingThumbnailTransitionDuration={0} onSlide={{...}} onBeforeSlide={{...}} onScreenChange={{...}} onPause={{...}} onPlay={{...}} onClick={{...}} onImageLoad={{...}} onImageError={{...}} onTouchMove={{...}} onTouchEnd={{...}} onTouchStart={{...}} onMouseOver={{...}} onMouseLeave={{...}} onThumbnailError={{...}} onThumbnailClick={{...}} renderCustomControls={{...}} renderThumbInner={{...}} renderItem={{...}} slideInterval={3000} slideOnThumbnailOver={false} swipeThreshold={30} renderLeftNav={[Function: renderLeftNav]} renderRightNav={[Function: renderRightNav]} renderPlayPauseButton={[Function: renderPlayPauseButton]} renderFullscreenButton={[Function: renderFullscreenButton]} useWindowKeyDown={true} />
  </div>
  <div className=\\"desktop\\">
    <l items={{...}} onErrorImageURL=\\"\\" additionalClass=\\"\\" showNav={true} autoPlay={false} lazyLoad={false} infinite={true} showIndex={false} showBullets={false} showThumbnails={true} showPlayButton={true} showFullscreenButton={true} disableThumbnailScroll={false} disableKeyDown={false} disableSwipe={false} disableThumbnailSwipe={false} useTranslate3D={true} isRTL={false} useBrowserFullscreen={true} flickThreshold={0.4} stopPropagation={false} indexSeparator=\\" / \\" thumbnailPosition=\\"bottom\\" startIndex={0} slideDuration={450} swipingTransitionDuration={0} swipingThumbnailTransitionDuration={0} onSlide={{...}} onBeforeSlide={{...}} onScreenChange={{...}} onPause={{...}} onPlay={{...}} onClick={{...}} onImageLoad={{...}} onImageError={{...}} onTouchMove={{...}} onTouchEnd={{...}} onTouchStart={{...}} onMouseOver={{...}} onMouseLeave={{...}} onThumbnailError={{...}} onThumbnailClick={{...}} renderCustomControls={{...}} renderThumbInner={{...}} renderItem={{...}} slideInterval={3000} slideOnThumbnailOver={false} swipeThreshold={30} renderLeftNav={[Function: renderLeftNav]} renderRightNav={[Function: renderRightNav]} renderPlayPauseButton={[Function: renderPlayPauseButton]} renderFullscreenButton={[Function: renderFullscreenButton]} useWindowKeyDown={true} />
  </div>
</div>"
`;
