// Jest Snapshot v1, https://goo.gl/fbAQLP

exports[`<Textarea/> should render 1`] = `
"<div className=\\"textarea\\">
  <Field component=\\"textarea\\" name=\\"test\\" maxLength={4000} placeholder=\\"Test\\" />
  <FormikConnect(ErrorMessageImpl) name=\\"test\\" />
</div>"
`;
