// Jest Snapshot v1, https://goo.gl/fbAQLP

exports[`<Privacy/> should render 1`] = `
"<Main className={[undefined]}>
  <Header />
  <Container className=\\"article\\">
    <Privacy.md />
  </Container>
</Main>"
`;
