// Jest Snapshot v1, https://goo.gl/fbAQLP

exports[`<Datenschutz/> should render 1`] = `
"<Main className={[undefined]}>
  <Navigation />
  <Container className=\\"article\\">
    <Datenschutz.md />
  </Container>
</Main>"
`;
