// Jest Snapshot v1, https://goo.gl/fbAQLP

exports[`<ErrorMessage/> should render 1`] = `
"<div className=\\"error-message\\">
  <FormikConnect(ErrorMessageImpl) name=\\"test\\" />
</div>"
`;
