// Jest Snapshot v1, https://goo.gl/fbAQLP

exports[`<ScrollButton/> should render 1`] = `"<button className=\\"scroll-button\\" type=\\"button\\" onClick={[Function: onClick]} />"`;
